<html>
<body>
<pre>
<h1>µVision Build Log</h1>
<h2>Project:</h2>
C:\Keil\Labware\lab2.1\Lab4.uvproj
Project File Date:  12/28/2014

<h2>Output:</h2>
Build target 'IO'
compiling main.c...
linking...
Program Size: Code=2756 RO-data=2432 RW-data=56 ZI-data=1752  
".\IO.axf" - 0 Error(s), 0 Warning(s).
</pre>
</body>
</html>
  010
main.c(71): error:  #65: expected a ";"
          GPIO_PORTF_DATA_R = 0b00010011;     // LED is red
main.c(76): error:  #65: expected a ";"
                                                GPIO_PORTF_DATA_R = 0b00011001;   // LED is green
main.c: 0 warnings, 3 errors
".\IO.axf" - 3 Error(s), 0 Warning(s).
Target not created
Error: Could not load file 'C:\Keil\Labware\lab2.1\IO.axf'. Debugger aborted !
